// Jest Snapshot v1, https://goo.gl/fbAQLP

exports[`Todo App Test mostrar el componente correctamente 1`] = `
<div>
  <h1>
    TodoApp 
    3
  </h1>
  <p>
    pending: 
    2
  </p>
  <hr />
  <div>
    <form>
      <input
        name="description"
        placeholder="add todo here!"
        type="text"
        value=""
      />
      <button
        type="submit"
      >
        Add TODO
         
      </button>
    </form>
  </div>
  <div>
    <h4>
      All Todos
    </h4>
    <hr />
    <ul>
      <li>
        <span
          aria-label="span"
          style="display: block;"
        >
          demo1
        </span>
        <button
          aria-label="delete"
        >
          Delete Todo
        </button>
      </li>
      <li>
        <span
          aria-label="span"
          style="display: block;"
        >
          demo2
        </span>
        <button
          aria-label="delete"
        >
          Delete Todo
        </button>
      </li>
      <li>
        <span
          aria-label="span"
          style="display: block;"
        >
          âœ…
          demo3
        </span>
        <button
          aria-label="delete"
        >
          Delete Todo
        </button>
      </li>
    </ul>
  </div>
</div>
`;
